// Jest Snapshot v1, https://goo.gl/fbAQLP

exports[`renders no bookswhen store is empty 1`] = `
<div
  className="grid-main"
>
  <div
    className="Contact"
  >
    <form
      className="form-contact"
      id="contact_form"
      name="contact_form"
    >
      <h1
        className="contact_item"
      >
        Contacto
      </h1>
      <div>
        <FormErrors
          formErrors={
            Object {
              "email": "",
            }
          }
        />
      </div>
      <div
        className="contact_item"
      >
        <label
          htmlFor="name"
        >
          name
        </label>
        <br />
        <input
          id="name"
          name="name"
          onChange={[Function]}
          placeholder="Nombre"
          required={true}
          type="text"
        />
      </div>
      <div
        className="contact_item  Tu debes escribir algo"
      >
        <label
          htmlFor="email"
        >
          Email
        </label>
        <br />
        <input
          id="email"
          name="email"
          onChange={[Function]}
          placeholder="Email *"
          required={true}
          type="email"
        />
      </div>
      <div
        className="contact_item"
      >
        <label
          className="inputSubject"
          htmlFor="inputSubject"
        >
          Tema de Consulta
        </label>
        <br />
        <select
          className=""
          id="inputSubject"
          name="subject"
          onChange={[Function]}
          title="Choose subject"
        >
          <option
            value=""
          >
            - Por favor, seleccione un tema de consulta -
          </option>
          <option
            value="actividad"
          >
            Info relativa a alguna actividad
          </option>
          <option
            value="dpto"
          >
            Contacta con nuestro dpto de actividades
          </option>
          <option
            value="trabaja"
          >
            Trabaja con nosotros
          </option>
          <option
            value="sugerencias"
          >
            Haznos sugerencias
          </option>
          <option
            value="reclamaciones"
          >
            Atendemos tus reclamaciones
          </option>
          <option
            value="novedades"
          >
            Te avisamos de nuestras novedades
          </option>
          <option
            value="diferente"
          >
            Algo diferente
          </option>
        </select>
      </div>
      <div
        className="contact_item"
      >
        <label
          htmlFor="recomendation"
        >
          Hace Aqui tu recomendaci√≥n
        </label>
        <br />
        <textarea
          className="contact_item"
          id="recomendation"
          name="message"
          onChange={[Function]}
          placeholder="Introduzca aqui su mensaje *"
          required={true}
        />
      </div>
      <div
        className="contact_item"
        disabled={true}
      >
        <input
          className="contact_Item"
          id="submit"
          name="submit"
          onClick={[Function]}
          type="submit"
          value="Enviar"
        />
      </div>
    </form>
  </div>
</div>
`;
